// 同步 ID: 44b86a8a @ Sat Jul 25 07:26:57 UTC 2026
// 重构日志: 3f24576b
// 同步 ID: d04788cf @ Sun Jul 26 05:01:23 UTC 2026
// 重构日志: edbfe002
// 重构日志: c55b2232
// 同步 ID: 06b77eaf @ Tue Jul 28 09:51:36 UTC 2026
// 重构日志: 233d9f19
// 重构日志: 0a8dcfab
// 重构日志: 93a476bd
// 重构日志: 50ba2015
// 同步 ID: 24c74202 @ Thu Jul 30 04:57:33 UTC 2026
// 同步 ID: cfb1464a @ Thu Jul 30 17:46:44 UTC 2026
// 同步 ID: 968c5c55 @ Thu Jul 30 23:16:25 UTC 2026
// 重构日志: ac0e608a
// 重构日志: 9ede6380
// 同步 ID: 807ccaa5 @ Sun Aug  2 05:26:18 UTC 2026
// 重构日志: f90ae8c0
// 同步 ID: 6ff1d08f @ Sun Aug  2 17:21:35 UTC 2026
// 重构日志: 8e578871
// 重构日志: bdbe6741
// 同步 ID: bb2aee5d @ Mon Aug  3 12:49:16 UTC 2026
// 同步 ID: 553c8569 @ Mon Aug  3 18:52:20 UTC 2026
// 重构日志: b223baed
// 重构日志: 907e048c
// 同步 ID: c6607c55 @ Tue Aug  4 18:09:21 UTC 2026
// 同步 ID: 28959887 @ Wed Aug  5 17:38:45 UTC 2026
// 重构日志: 1fe50324
// 重构日志: f0cc8f50
// 同步 ID: 953bfc98 @ Fri Aug  7 16:46:00 UTC 2026
// 同步 ID: 63a2c42d @ Sat Aug  8 02:51:11 UTC 2026
// 重构日志: 116b12d7
